// Vitest Snapshot v1, https://vitest.dev/guide/snapshot.html

exports[`GitHubButton > snapshot 1`] = `
<a
  aria-label="Star on GitHub"
  class="animate-slide-up relative ml-[20px] inline-flex h-[4em] w-[4em] items-center justify-center rounded-lg border border-white bg-transparent from-[#c95bf5] to-[#8a2be2] px-4 py-3 font-semibold text-white transition-all duration-500 ease-in-out hover:border-transparent hover:bg-gradient-to-tr hover:shadow-lg hover:shadow-[#c95bf5]/50"
  href="https://github.com/samuelnakazawa/naka.dev"
  rel="noopener noreferrer"
  target="_blank"
>
  <img
    alt=""
    aria-hidden="true"
    class="h-[2em] w-[2em] transition-transform duration-500 ease-in-out hover:scale-110"
    height="32"
    src="/star.svg"
    width="32"
  />
</a>
`;
