// Vitest Snapshot v1, https://vitest.dev/guide/snapshot.html

exports[`LanguageSwitcher > snapshot 1`] = `
<button
  aria-label="Switch to Portuguese"
  class="animate-slide-up relative ml-[20px] inline-flex h-[4em] w-[4em] cursor-pointer items-center justify-center rounded-lg border border-white bg-transparent from-[#c95bf5] to-[#8a2be2] px-4 py-3 font-semibold text-white transition-all duration-500 ease-in-out hover:border-transparent hover:bg-gradient-to-tr hover:shadow-lg hover:shadow-[#c95bf5]/50 disabled:opacity-70"
>
  <div
    class="relative flex h-8 w-8 items-center justify-center overflow-hidden"
  >
    <img
      alt="US Flag"
      class="h-8 w-8 object-cover"
      height="32"
      src="/us.svg"
      width="32"
    />
  </div>
</button>
`;
