// Vitest Snapshot v1, https://vitest.dev/guide/snapshot.html

exports[`LanguageSwitcher > snapshot 1`] = `
<button
  aria-label="Switch to Portuguese"
  class="animate-slide-up relative z-10 inline-flex h-10 w-10 cursor-pointer items-center justify-center rounded-lg bg-transparent font-semibold text-white transition-all duration-300 ease-in-out hover:opacity-80 disabled:opacity-70"
>
  <div
    class="relative flex h-8 w-8 items-center justify-center overflow-hidden"
  >
    <img
      alt="US Flag"
      class="h-8 w-8 object-cover"
      height="32"
      src="/us.svg"
      width="32"
    />
  </div>
</button>
`;
